Teqikbonfxjmsoe h aydgVco atzöfBxäpe urüe e rßnSle ec
