combined-append=combined_append1
combined-append=combined_append2
combined-overwrite=combined_overwrite1
combined-overwrite=combined_overwrite2
debug-options=1
err-append=stderr_append1
err-append=stderr_append2
err-overwrite=stderr_overwrite1
err-overwrite=stderr_overwrite2
out-append=stdout_append1
out-append=stdout_append2
out-overwrite=stdout_overwrite1
out-overwrite=stdout_overwrite2
