dtee: unrecognised option '-a'
Try 'dtee -h' for more information.
