-=command
-=argument 3
-=argument 1
-=argument 2
debug-options=1
