dtee: unrecognised option '--=command'
Try 'dtee -h' for more information.
