-=
-=-o
-=filename1
-=-e
-=filename2
debug-options=1
